// Jest Snapshot v1, https://goo.gl/fbAQLP

exports[`Datepicker renders correctly 1`] = `
ShallowWrapper {
  Symbol(enzyme.__root__): [Circular],
  Symbol(enzyme.__unrendered__): <Datepicker
    error={false}
    id="test"
    lg={false}
    locale="pt"
    md={false}
    name="test"
    onChange={[Function]}
    options={Object {}}
    required={false}
    sm={false}
    value=""
    withDate={true}
    withTime={false}
    xs={false}
/>,
  Symbol(enzyme.__renderer__): Object {
    "batchedUpdates": [Function],
    "getNode": [Function],
    "render": [Function],
    "simulateEvent": [Function],
    "unmount": [Function],
  },
  Symbol(enzyme.__node__): Object {
    "instance": null,
    "key": undefined,
    "nodeType": "function",
    "props": Object {
      "children": Array [
        <DateTimePicker
          className=""
          id="test"
          locale="pt"
          name="test"
          onChange={[Function]}
          options={
                    Object {
                              "enableTime": false,
                              "locale": Object {
                                "months": Object {
                                  "longhand": Array [
                                    "Janeiro",
                                    "Fevereiro",
                                    "Março",
                                    "Abril",
                                    "Maio",
                                    "Junho",
                                    "Julho",
                                    "Agosto",
                                    "Setembro",
                                    "Outubro",
                                    "Novembro",
                                    "Dezembro",
                                  ],
                                  "shorthand": Array [
                                    "Jan",
                                    "Fev",
                                    "Mar",
                                    "Abr",
                                    "Mai",
                                    "Jun",
                                    "Jul",
                                    "Ago",
                                    "Set",
                                    "Out",
                                    "Nov",
                                    "Dez",
                                  ],
                                },
                                "rangeSeparator": " até ",
                                "weekdays": Object {
                                  "longhand": Array [
                                    "Domingo",
                                    "Segunda-feira",
                                    "Terça-feira",
                                    "Quarta-feira",
                                    "Quinta-feira",
                                    "Sexta-feira",
                                    "Sábado",
                                  ],
                                  "shorthand": Array [
                                    "Dom",
                                    "Seg",
                                    "Ter",
                                    "Qua",
                                    "Qui",
                                    "Sex",
                                    "Sáb",
                                  ],
                                },
                              },
                              "noCalendar": false,
                            }
          }
          value=""
/>,
        null,
      ],
    },
    "ref": null,
    "rendered": Array [
      Object {
        "instance": null,
        "key": undefined,
        "nodeType": "class",
        "props": Object {
          "className": "",
          "id": "test",
          "locale": "pt",
          "name": "test",
          "onChange": [Function],
          "options": Object {
            "enableTime": false,
            "locale": Object {
              "months": Object {
                "longhand": Array [
                  "Janeiro",
                  "Fevereiro",
                  "Março",
                  "Abril",
                  "Maio",
                  "Junho",
                  "Julho",
                  "Agosto",
                  "Setembro",
                  "Outubro",
                  "Novembro",
                  "Dezembro",
                ],
                "shorthand": Array [
                  "Jan",
                  "Fev",
                  "Mar",
                  "Abr",
                  "Mai",
                  "Jun",
                  "Jul",
                  "Ago",
                  "Set",
                  "Out",
                  "Nov",
                  "Dez",
                ],
              },
              "rangeSeparator": " até ",
              "weekdays": Object {
                "longhand": Array [
                  "Domingo",
                  "Segunda-feira",
                  "Terça-feira",
                  "Quarta-feira",
                  "Quinta-feira",
                  "Sexta-feira",
                  "Sábado",
                ],
                "shorthand": Array [
                  "Dom",
                  "Seg",
                  "Ter",
                  "Qua",
                  "Qui",
                  "Sex",
                  "Sáb",
                ],
              },
            },
            "noCalendar": false,
          },
          "value": "",
        },
        "ref": [Function],
        "rendered": null,
        "type": [Function],
      },
      null,
    ],
    "type": Symbol(react.fragment),
  },
  Symbol(enzyme.__nodes__): Array [
    Object {
      "instance": null,
      "key": undefined,
      "nodeType": "function",
      "props": Object {
        "children": Array [
          <DateTimePicker
            className=""
            id="test"
            locale="pt"
            name="test"
            onChange={[Function]}
            options={
                        Object {
                                    "enableTime": false,
                                    "locale": Object {
                                      "months": Object {
                                        "longhand": Array [
                                          "Janeiro",
                                          "Fevereiro",
                                          "Março",
                                          "Abril",
                                          "Maio",
                                          "Junho",
                                          "Julho",
                                          "Agosto",
                                          "Setembro",
                                          "Outubro",
                                          "Novembro",
                                          "Dezembro",
                                        ],
                                        "shorthand": Array [
                                          "Jan",
                                          "Fev",
                                          "Mar",
                                          "Abr",
                                          "Mai",
                                          "Jun",
                                          "Jul",
                                          "Ago",
                                          "Set",
                                          "Out",
                                          "Nov",
                                          "Dez",
                                        ],
                                      },
                                      "rangeSeparator": " até ",
                                      "weekdays": Object {
                                        "longhand": Array [
                                          "Domingo",
                                          "Segunda-feira",
                                          "Terça-feira",
                                          "Quarta-feira",
                                          "Quinta-feira",
                                          "Sexta-feira",
                                          "Sábado",
                                        ],
                                        "shorthand": Array [
                                          "Dom",
                                          "Seg",
                                          "Ter",
                                          "Qua",
                                          "Qui",
                                          "Sex",
                                          "Sáb",
                                        ],
                                      },
                                    },
                                    "noCalendar": false,
                                  }
            }
            value=""
/>,
          null,
        ],
      },
      "ref": null,
      "rendered": Array [
        Object {
          "instance": null,
          "key": undefined,
          "nodeType": "class",
          "props": Object {
            "className": "",
            "id": "test",
            "locale": "pt",
            "name": "test",
            "onChange": [Function],
            "options": Object {
              "enableTime": false,
              "locale": Object {
                "months": Object {
                  "longhand": Array [
                    "Janeiro",
                    "Fevereiro",
                    "Março",
                    "Abril",
                    "Maio",
                    "Junho",
                    "Julho",
                    "Agosto",
                    "Setembro",
                    "Outubro",
                    "Novembro",
                    "Dezembro",
                  ],
                  "shorthand": Array [
                    "Jan",
                    "Fev",
                    "Mar",
                    "Abr",
                    "Mai",
                    "Jun",
                    "Jul",
                    "Ago",
                    "Set",
                    "Out",
                    "Nov",
                    "Dez",
                  ],
                },
                "rangeSeparator": " até ",
                "weekdays": Object {
                  "longhand": Array [
                    "Domingo",
                    "Segunda-feira",
                    "Terça-feira",
                    "Quarta-feira",
                    "Quinta-feira",
                    "Sexta-feira",
                    "Sábado",
                  ],
                  "shorthand": Array [
                    "Dom",
                    "Seg",
                    "Ter",
                    "Qua",
                    "Qui",
                    "Sex",
                    "Sáb",
                  ],
                },
              },
              "noCalendar": false,
            },
            "value": "",
          },
          "ref": [Function],
          "rendered": null,
          "type": [Function],
        },
        null,
      ],
      "type": Symbol(react.fragment),
    },
  ],
  Symbol(enzyme.__options__): Object {
    "adapter": ReactSixteenAdapter {
      "options": Object {
        "enableComponentDidUpdateOnSetState": true,
        "lifecycles": Object {
          "componentDidUpdate": Object {
            "onSetState": true,
          },
          "getSnapshotBeforeUpdate": true,
        },
      },
    },
    "attachTo": undefined,
    "hydrateIn": undefined,
  },
}
`;
